// Jest Snapshot v1, https://goo.gl/fbAQLP

exports[`renders without crashing 1`] = `
<body>
  <div>
    <div
      class="ui large dividing header"
    >
      Username
    </div>
  </div>
</body>
`;
